// Jest Snapshot v1, https://goo.gl/fbAQLP

exports[`EmailFooter Component snapshot 1`] = `"<table role=\\"presentation\\" cellspacing=\\"0\\" cellpadding=\\"0\\" border=\\"0\\" align=\\"center\\" width=\\"100%\\" style=\\"max-width: 780px;\\"><tr><td style=\\"padding: 20px 0px; text-align: center;\\"><tr><td bgcolor=\\"#ffffff\\" align=\\"center\\"><img src=\\"https://drive.google.com/uc?id=13FclULp8zC7zaSbXN-5wQP9qcqHksAB_\\" width=\\"680\\" height=\\"\\" alt=\\"alt_text\\" border=\\"0\\" align=\\"center\\" class=\\"fluid g-img\\" style=\\"width: 100%; max-width: 780px; height: auto; background: rgb(221, 221, 221); font-family: sans-serif; font-size: 15px; line-height: 140%; color: rgb(85, 85, 85); margin: auto;\\"></td></tr></td></tr></table>"`;

exports[`EmailHeader Component snapshot 1`] = `"<table role=\\"presentation\\" cellspacing=\\"0\\" cellpadding=\\"0\\" border=\\"0\\" align=\\"center\\" width=\\"100%\\" style=\\"max-width: 780px;\\"><tr><td style=\\"padding: 20px 0px; text-align: center;\\"><tr><td bgcolor=\\"#ffffff\\" align=\\"center\\"><img src=\\"https://drive.google.com/uc?id=13FclULp8zC7zaSbXN-5wQP9qcqHksAB_\\" width=\\"680\\" height=\\"\\" alt=\\"alt_text\\" border=\\"0\\" align=\\"center\\" class=\\"fluid g-img\\" style=\\"width: 100%; max-width: 780px; height: auto; background: rgb(221, 221, 221); font-family: sans-serif; font-size: 15px; line-height: 140%; color: rgb(85, 85, 85); margin: auto;\\"></td></tr></td></tr></table>"`;
