// Jest Snapshot v1, https://goo.gl/fbAQLP

exports[`PreheaderText Component snapshot 1`] = `
"<div style=\\"display: none; font-size: 1px; line-height: 1px; max-height: 0px; max-width: 0px; opacity: 0; overflow: hidden; font-family: sans-serif;\\">
    La tribu WebF vous partage ses dernières nouveautés (Avril -&gt; Juin
    2018). Journées Tribu - Biz et League - R&amp;D 2018 - Communication et visibilité.
</div>"
`;
