// Jest Snapshot v1, https://goo.gl/fbAQLP

exports[`TitleTable Component snapshot 1`] = `
"<tr><td bgcolor=\\"#ffffff\\"><table role=\\"presentation\\" cellspacing=\\"0\\" cellpadding=\\"0\\" border=\\"0\\" width=\\"100%\\"><tr><td style=\\"padding: 10px; font-family: sans-serif; font-size: 15px; line-height: 140%; color: rgb(85, 85, 85);\\"><h1 style=\\"margin: 0px 0px 10px 0px; font-family: sans-serif; font-size: 24px; line-height: 125%; color: rgb(20, 160, 192); font-weight: bold;\\">
                        Coucou</h1></td></tr></table></td></tr>"
`;
