// Jest Snapshot v1, https://goo.gl/fbAQLP

exports[`EmailButton Component snapshot 1`] = `"<table role=\\"presentation\\" cellspacing=\\"0\\" cellpadding=\\"0\\" border=\\"0\\" align=\\"right\\" style=\\"margin: auto;\\"><tr><td class=\\"button-td\\" style=\\"border-radius: 3px; background: rgb(34, 34, 34); text-align: center;\\"><a href=\\"\\" target=\\"_blank\\" class=\\"button-a\\" style=\\"background: rgb(34, 34, 34); border: 15px solid #222222; font-family: sans-serif; font-size: 13px; line-height: 110%; text-align: center; text-decoration: none; display: block; border-radius: 3px; font-weight: bold;\\"><span class=\\"button-link\\" style=\\"color: rgb(255, 255, 255);\\">&nbsp;&nbsp;&nbsp;&nbsp;Coucou&nbsp;&nbsp;&nbsp;&nbsp;</span></a></td></tr></table>"`;
